kf.coreaddons: "Could not find plugin kf6/parts/konsolepart"
kf.coreaddons: "Could not find plugin kf6/parts/konsolepart"
Discord 1.0.138
App ready
(node:1166450) [DEP0040] DeprecationWarning: The `punycode` module is deprecated. Please use a userland alternative instead.
(Use `Discord --trace-deprecation ...` to show where the warning was created)
Starting app.
Starting updater.
Determined current Linux architecture: x64
[2026-05-24 20:52:51.470497 -07:00] WARN [updater]: Could not determine platform version
splashScreen.initSplash(false)
blackbox: 5/24/2026, 8:52:51 PM PDT 0 

----------------------------------------------
blackbox: 5/24/2026, 8:52:51 PM PDT 1 Discord starting: {"newUpdater":true,"releaseChannel":"stable","sentryDist":"stable-linux-x64","sentryRelease":"discord-desktop-f4d9be098c10e29c53815d781d4c3b766741b8e8","version":"1.0.138"}, modulepath: /home/user/.config/discord/module_data
blackbox: 5/24/2026, 8:52:51 PM PDT 2 ✅ webContents.created web1 ""
blackbox: 5/24/2026, 8:52:51 PM PDT 3 ✅ window.created win1 "discord"
(electron) 'console-message' arguments are deprecated and will be removed. Please use Event<WebContentsConsoleMessageEventParams> object instead.
20:52:51.606 › splashScreenPreload: signalReady
splashScreen: SPLASH_SCREEN_READY
splashScreen.webContentsSend: SPLASH_SCREEN_QUOTE SPLASH_SCREEN_QUOTE [ 'Hold Tight — Loading Discord' ]
allowOptionalUpdates: true
splashScreen.updateSplashState checking-for-updates checking-for-updates {}
splashScreen.webContentsSend: SPLASH_UPDATE_STATE SPLASH_UPDATE_STATE [ { status: 'checking-for-updates' } ]
20:52:51.628 › splashScreenPreload: onStateUpdate: {"status":"checking-for-updates"}
blackbox: 5/24/2026, 8:52:51 PM PDT 4 ✅ webContents.did-finish-load web1
splashScreen.launchMainWindow: false
Optional module ./ElectronTestRpc was not included.
Clearing GPU cache...
splashScreen.updateSplashState launching launching {}
splashScreen.webContentsSend: SPLASH_UPDATE_STATE SPLASH_UPDATE_STATE [ { status: 'launching' } ]
blackbox: 5/24/2026, 8:52:52 PM PDT 5 ✅ webContents.created web2 ""
20:52:52.917 › splashScreenPreload: onStateUpdate: {"status":"launching"}
blackbox: 5/24/2026, 8:52:52 PM PDT 6 ✅ window.created win2 "Discord"
[ConnectivityTester 9sz5r9] Sending DNS query: idt-9sz5r9-mpko7xo8.loc-en-us.chk-webapp.res-ok.dur-0.v1.dc-telemetry.net
20:52:53.343 › [FAST CONNECT] wss://gateway.discord.gg/?encoding=etf&v=9&compress=zstd-stream, encoding: etf, version: 9
20:52:53.510 › [FAST CONNECT] sending identify
blackbox: 5/24/2026, 8:52:53 PM PDT 7 ✅ webContents.did-finish-load web2
20:52:53.593 › [libdiscore] [experiment_manager] Loaded experiments from cache
20:52:53.600 › [libdiscore] [BlockedDomainsStore] Deserialized 42972 hashes, revision 2900
20:52:53.816 › Initializing voice engine with audio subsystem: standard
[2026-05-24 20:52:53.823] [info] Wayland idle manager initialized successfully
[2026-05-24 20:52:53.853] [info] Wayland idle manager initialized successfully
20:52:53.929 › [DatabaseManager] active user changed (now: 378766361582895104, was: null, was: undefined)
20:52:54.003 › [default] [BUILD INFO] Release Channel: stable, Build Number: 549767, Version Hash: 0ff2b9e1e3629d03f338532488fe066004d2dc9c
20:52:54.031 › [CloudSyncUtils] CloudSync is not supported on this platform
20:52:54.150 › [default] [NATIVE INFO] host 1.0.138, modules: discord_krisp: 1, discord_rpc: 1, discord_desktop_core: 1, discord_voice: 1, discord_game_utils: 1, discord_erlpack: 1, discord_utils: 1, discord_spellcheck: 1, discord_zstd: 1, build: 82027
ipcMain.on(IPCEvents.APP_ASYNC_INDEX_TSX_LOADED) false false
splashScreen.pageReady
20:52:54.155 › [libdiscore] The answer for life the universe and everything is: 42
20:52:54.167 › [Spellchecker] sh is not a valid locale.
Main process startup timing:
|  index-init:                                     148.95
|  index-init-duration:                            201.79 (52.84)
|  bootstrap-gpuflags:                             196.16
|  bootstrap-gpuflags-duration:                    203.64 (7.49)
|  bootstrap-startapp:                             271.39
|  bootstrap-startupdate:                          274.44
|  bootstrap-startupdate-duration:                 1690.19 (1415.75)
|  splash-window-launch:                           290.54
|  splash-window-loadurl-duration:                 310.68 (20.14)
|  splash-window-duration:                         3072.22 (2781.68)
|  splash-screen-ready:                            427.25
|  splash-update-complete:                         1688.66
|  splash-launch-mainwindow:                       1690.03
|  bootstrap-coremodule-startup:                   1690.21
|  bootstrap-coremodule-startup-duration:          1735.98 (45.76)
|  coremodule-index-startup:                       1715.02
|  coremodule-index-startup-duration:              1735.96 (20.94)
|  mainscreen-launch-window:                       1726.97
|  mainscreen-launch-window-duration:              1745.78 (18.80)
|  mainscreen-launch-window-misc-setup:            1738.79
|  mainscreen-launch-window-misc-setup-duration:   1740.83 (2.04)
|  mainscreen-loadmainpage:                        1741.30
|  mainscreen-loadmainpage-duration:               2969.54 (1228.24)
|  splash-destroy-splashwindow:                    2971.97
|  bootstrap-coremodule-show-mainwin:              2972.06
blackbox: 5/24/2026, 8:52:54 PM PDT 8 window.close win1
blackbox: 5/24/2026, 8:52:54 PM PDT 9 webContents.destroyed web1
blackbox: 5/24/2026, 8:52:54 PM PDT 10 window.closed win1
20:52:54.491 › [RPCServer:WSS] Starting on 6463
20:52:54.523 › [Spellchecker] Switching to en-US (available)
20:52:54.535 › [RPCServer:IPC] Starting on /run/user/1000/discord-ipc-0
20:52:54.536 › [MediaEngineStore] OpenH264 is ready [object Object]
20:52:54.652 › [PostMessageTransport] Protocol error: event data should be an Array!
20:52:54.652 › [PostMessageTransport] Protocol error: event data should be an Array!
20:52:54.652 › [PostMessageTransport] Protocol error: event data should be an Array!
20:52:54.652 › [PostMessageTransport] Protocol error: event data should be an Array!
20:52:54.653 › [PostMessageTransport] Protocol error: event data should be an Array!
20:52:54.653 › [PostMessageTransport] Protocol error: event data should be an Array!
20:52:54.653 › [PostMessageTransport] Protocol error: event data should be an Array!
20:52:54.653 › [PostMessageTransport] Protocol error: event data should be an Array!
20:52:54.655 › [MediaEngineStore] OpenH264 cleanup [object Object]
20:52:54.675 › [ConnectionStore] Socket is reconnecting because of starting new session
20:52:54.676 › [GatewaySocket] .connect() called, new state is WILL_RECONNECT
20:52:54.676 › [GatewaySocket] Setting connection state to WILL_RECONNECT
20:52:54.676 › [GatewaySocket] Setting connection state to CONNECTING
20:52:54.676 › [GatewaySocket] [CONNECT] wss://gateway.discord.gg, encoding: etf, version: 9, compression: zstd-stream
20:52:54.676 › [GatewaySocket] [FAST CONNECT] successfully took over websocket, state: [object Object]
20:52:54.676 › [GatewaySocket] [CONNECTED] wss://gateway.discord.gg/?encoding=etf&v=9&compress=zstd-stream in 0 ms
20:52:54.676 › [ConnectionStore] handleIdentify called [object Object]
20:52:54.676 › [GatewaySocket] Setting connection state to IDENTIFYING
20:52:54.676 › [GatewaySocket] [IDENTIFY, fast-connect]
20:52:54.676 › [GatewaySocket] [HELLO] via 
gateway-prd-arm-us-east1-b-rzxt: 0, heartbeat interval: 41250, took 1 ms
20:52:54.685 › [PostMessageTransport] Protocol error: event data should be an Array!
20:52:54.685 › [PostMessageTransport] Protocol error: event data should be an Array!
20:52:55.302 › [GatewaySocket] [READY] took 628ms, as eb5a384bef6a696febbfbacd4ce1e937
20:52:55.302 › [GatewaySocket] 
gateway-prd-arm-us-east1-b-rzxt: 592.223
|  id_created: 0.522
|  session_lookup_time: 2.006
|  session_lookup_finished: 0.014
|  sessions-prd-gcp-us-east1-b-31: 548.405
|  |  start_session: 467.284
|  |  |  prd-rpc-5fd88d9dd5-l5vsb: 275.222
|  |  |  |  get_user: 64.805
|  |  |  |  get_guilds: 106.445
|  |  |  |  user_settings_proto: 0.077
|  |  |  |  relationships: 71.247
|  |  |  |  game_relationships: 0.007
|  |  |  |  friend_suggestion: 0.049
|  |  |  |  connections: 0.016
|  |  |  |  serialized_read_states: 0.005
|  |  |  |  send_scheduled_deletion_message: 0.003
|  |  |  |  sanitize_premium_perks: 0.003
|  |  |  |  guild_join_requests: 0.004
|  |  |  |  user_guild_settings: 0.003
|  |  |  |  serialized_private_channels: 0.008
|  |  |  |  user_segments: 1.501
|  |  |  |  game_invites: 0.009
|  |  |  |  blocker_ids: 0.003
|  |  |  |  affine_user_ids: 0.013
|  |  |  |  experiments: 6.222
|  |  |  |  required_action: 0.008
|  |  |  |  authorized_ip_coro: 0.003
|  |  |  |  pending_payments: 2.949
|  |  |  |  apex_experiments: 147.549
|  |  |  |  sessions_experiments: 0.01
|  |  |  |  played_application_ids: 0.006
|  |  |  |  linked_users: 0.006
|  |  |  |  ad_personalization_toggles_disabled: 0.005
|  |  |  |  regional_feature_config: 0.004
|  |  starting_guild_connect: 0.091
|  |  presence_started: 7.46
|  |  guilds_started: 3.147
|  |  lobbies_started: 0
|  |  guilds_connect: 46.895
|  |  presence_connect: 0.002
|  |  connect_finished: 47.513
|  |  build_ready: 18.304
|  |  clean_ready: 0.001
|  |  optimize_ready: 4.471
|  |  split_ready: 0.133
20:52:55.303 › [GatewaySocket] Setting connection state to SESSION_ESTABLISHED
20:52:55.303 › [GatewaySocket] Updating resume url to wss://gateway-us-east1-b.discord.gg
20:52:55.410 › [Flux] Dispatching CONNECTION_OPEN
20:52:55.415 › [AuthenticationStore] handleConnectionOpen called [object Object]
20:52:55.418 › [DatabaseManager] removing database (user: 378766361582895104, database: undefined)
20:52:55.418 › [DatabaseManager] added database (378766361582895104 → null)
20:52:55.437 › [NativeDispatchUtils] Tried getting Dispatch instance before instantiated
20:52:55.546 › [MessageActionCreators] Fetching messages for 870124074045693965 between undefined and undefined. jump={"jumpType":"ANIMATED"}
20:52:55.547 › [Flux] Slow dispatch on CONNECTION_OPEN: 137.19999998807907ms
20:52:55.551 › [OverlayRenderStore] setOverlayEnabled: not supported
20:52:56.224 › [GatewaySocket] [READY_SUPPLEMENTAL] took 1550ms
20:52:56.224 › [GatewaySocket] Setting connection state to SESSION_ESTABLISHED
20:52:56.362 › [HTTPUtils] cleanupRequestEntry: rate limit for /users/@me/survey retry after 12603.57 seconds
20:52:56.374 › [MessageActionCreators] Fetched 16 messages for 870124074045693965 isBefore:false isAfter:false
20:52:56.379 › [ChannelMessages] loadComplete: resetting state for channelId=870124074045693965, sending.length=0
20:52:58.433 › [OverlayKeybindExperimentManager] Experiments initializing...
20:52:58.468 › [OverlayKeybindExperimentManager] Experiments initialized
20:52:58.473 › [libdiscore] [Cache] Set cache for key: experiments_snapshot
20:52:58.784 › Uncaught (in promise) #<Object>
20:52:58.785 › [SignalHelpers.web] signalAllAcceptedCredentials [object Object]
20:52:59.130 › [SignalHelpers.web] [object DOMException]
20:52:59.297 › [DispatcherWorkScheduler] Unable to fully flush work queue after max retries, skipping future deadline.
20:53:01.616 › [MessageActionCreators] Fetching messages for 615625119238455303 between undefined and undefined. jump={"jumpType":"ANIMATED"}
20:53:01.672 › [Routing/Utils] transitionTo - Transitioning to /channels/615607687467761684/615625119238455303
20:53:01.904 › [MessageActionCreators] Fetched 29 messages for 615625119238455303 isBefore:false isAfter:false
20:53:01.906 › [ChannelMessages] loadComplete: resetting state for channelId=615625119238455303, sending.length=0
20:53:02.978 › [MessageActionCreators] Fetching messages for 703101729771880508 between undefined and undefined. jump={"jumpType":"ANIMATED"}
20:53:03.019 › [Routing/Utils] transitionTo - Transitioning to /channels/615607687467761684/703101729771880508
20:53:03.181 › [MessageActionCreators] Fetched 29 messages for 703101729771880508 isBefore:false isAfter:false
20:53:03.183 › [ChannelMessages] loadComplete: resetting state for channelId=703101729771880508, sending.length=0
20:53:03.740 › [discord_protos.discord_users.v1.FrecencyUserSettings] Loading proto
20:53:05.454 › [ReadStateStore] Deleting ReadState 799768739859398677 0 [object Object]
20:53:05.554 › [ReadStateStore] Deleting ReadState 1493522878832836779 0 [object Object]
20:53:08.442 › [libdiscore] [NETWORK] Sending GET request to https://cdn.discordapp.com/bad-domains/current_revision.txt
20:53:08.468 › [libdiscore] [NETWORK] Completed GET request to https://cdn.discordapp.com/bad-domains/current_revision.txt with status: 200
20:53:08.469 › [libdiscore] [BlockedDomainsStore] Fetching delta between revisions 2900 -> 2917
20:53:08.469 › [libdiscore] [NETWORK] Sending GET request to https://discordapp.com/bad-hash-delta
20:53:08.493 › [libdiscore] [NETWORK] Completed GET request to https://discordapp.com/bad-hash-delta with status: 200
20:53:08.493 › [libdiscore] [BlockedDomainsStore] Adding 101 hashes, removing 0 hashes
20:53:08.496 › [libdiscore] [Cache] Set cache for key: blocked_domains_state
20:53:08.496 › [libdiscore] [BlockedDomainsStore] Successfully fetched blocked domains
20:53:11.304 › Unable to determine render window for element [object HTMLDocument]
20:53:11.325 › Unable to determine render window for element [object HTMLDocument]
[1166505:0524/205312.832517:ERROR:ui/gl/gl_surface_presentation_helper.cc:260] GetVSyncParametersIfAvailable() failed for 1 times!
20:53:19.459 › Unable to determine render window for element [object HTMLDocument]
20:53:19.469 › Unable to determine render window for element [object HTMLDocument]
[1166505:0524/205324.077030:ERROR:ui/gl/gl_surface_presentation_helper.cc:260] GetVSyncParametersIfAvailable() failed for 2 times!
20:53:27.186 › The resource https://discordapp.com/assets/189422196a4f8b53.woff2 was preloaded using link preload but not used within a few seconds from the window's load event. Please make sure it has an appropriate `as` value and it is preloaded intentionally.
20:53:27.186 › The resource https://discordapp.com/assets/7a6a566c2e88a35d.woff2 was preloaded using link preload but not used within a few seconds from the window's load event. Please make sure it has an appropriate `as` value and it is preloaded intentionally.
20:53:27.186 › The resource https://discordapp.com/assets/dd24010f3cf7def7.woff2 was preloaded using link preload but not used within a few seconds from the window's load event. Please make sure it has an appropriate `as` value and it is preloaded intentionally.
20:53:27.186 › The resource https://discordapp.com/assets/e52f0cba712e2fb4.woff2 was preloaded using link preload but not used within a few seconds from the window's load event. Please make sure it has an appropriate `as` value and it is preloaded intentionally.
20:53:27.186 › The resource https://discordapp.com/assets/ce3b8055f5114434.woff2 was preloaded using link preload but not used within a few seconds from the window's load event. Please make sure it has an appropriate `as` value and it is preloaded intentionally.
20:53:27.186 › The resource https://discordapp.com/assets/cb2006dbced0e246.woff2 was preloaded using link preload but not used within a few seconds from the window's load event. Please make sure it has an appropriate `as` value and it is preloaded intentionally.
[1166505:0524/205327.656877:ERROR:ui/gl/gl_surface_presentation_helper.cc:260] GetVSyncParametersIfAvailable() failed for 3 times!
20:53:29.186 › [RTCLatencyTestManager] RTC region latency test completed, ranked regions are:  us-west,santa-clara,seattle,us-south,us-central
20:53:30.633 › The resource https://discordapp.com/assets/189422196a4f8b53.woff2 was preloaded using link preload but not used within a few seconds from the window's load event. Please make sure it has an appropriate `as` value and it is preloaded intentionally.
20:53:30.634 › The resource https://discordapp.com/assets/7a6a566c2e88a35d.woff2 was preloaded using link preload but not used within a few seconds from the window's load event. Please make sure it has an appropriate `as` value and it is preloaded intentionally.
20:53:30.634 › The resource https://discordapp.com/assets/dd24010f3cf7def7.woff2 was preloaded using link preload but not used within a few seconds from the window's load event. Please make sure it has an appropriate `as` value and it is preloaded intentionally.
20:53:30.634 › The resource https://discordapp.com/assets/e52f0cba712e2fb4.woff2 was preloaded using link preload but not used within a few seconds from the window's load event. Please make sure it has an appropriate `as` value and it is preloaded intentionally.
20:53:30.634 › The resource https://discordapp.com/assets/ce3b8055f5114434.woff2 was preloaded using link preload but not used within a few seconds from the window's load event. Please make sure it has an appropriate `as` value and it is preloaded intentionally.
20:53:30.634 › The resource https://discordapp.com/assets/cb2006dbced0e246.woff2 was preloaded using link preload but not used within a few seconds from the window's load event. Please make sure it has an appropriate `as` value and it is preloaded intentionally.
20:53:41.538 › [MessageActionCreators] Fetching messages for 703101729771880508 between undefined and 1502998044663087126. jump=undefined
20:53:41.736 › [MessageActionCreators] Fetched 30 messages for 703101729771880508 isBefore:true isAfter:false
20:53:45.203 › The resource https://discordapp.com/assets/189422196a4f8b53.woff2 was preloaded using link preload but not used within a few seconds from the window's load event. Please make sure it has an appropriate `as` value and it is preloaded intentionally.
20:53:45.204 › The resource https://discordapp.com/assets/7a6a566c2e88a35d.woff2 was preloaded using link preload but not used within a few seconds from the window's load event. Please make sure it has an appropriate `as` value and it is preloaded intentionally.
20:53:45.204 › The resource https://discordapp.com/assets/dd24010f3cf7def7.woff2 was preloaded using link preload but not used within a few seconds from the window's load event. Please make sure it has an appropriate `as` value and it is preloaded intentionally.
20:53:45.204 › The resource https://discordapp.com/assets/e52f0cba712e2fb4.woff2 was preloaded using link preload but not used within a few seconds from the window's load event. Please make sure it has an appropriate `as` value and it is preloaded intentionally.
20:53:45.204 › The resource https://discordapp.com/assets/ce3b8055f5114434.woff2 was preloaded using link preload but not used within a few seconds from the window's load event. Please make sure it has an appropriate `as` value and it is preloaded intentionally.
20:53:45.204 › The resource https://discordapp.com/assets/cb2006dbced0e246.woff2 was preloaded using link preload but not used within a few seconds from the window's load event. Please make sure it has an appropriate `as` value and it is preloaded intentionally.
20:53:54.754 › The resource https://discordapp.com/assets/189422196a4f8b53.woff2 was preloaded using link preload but not used within a few seconds from the window's load event. Please make sure it has an appropriate `as` value and it is preloaded intentionally.
20:53:54.754 › The resource https://discordapp.com/assets/7a6a566c2e88a35d.woff2 was preloaded using link preload but not used within a few seconds from the window's load event. Please make sure it has an appropriate `as` value and it is preloaded intentionally.
20:53:54.755 › The resource https://discordapp.com/assets/dd24010f3cf7def7.woff2 was preloaded using link preload but not used within a few seconds from the window's load event. Please make sure it has an appropriate `as` value and it is preloaded intentionally.
20:53:54.755 › The resource https://discordapp.com/assets/e52f0cba712e2fb4.woff2 was preloaded using link preload but not used within a few seconds from the window's load event. Please make sure it has an appropriate `as` value and it is preloaded intentionally.
20:53:54.755 › The resource https://discordapp.com/assets/ce3b8055f5114434.woff2 was preloaded using link preload but not used within a few seconds from the window's load event. Please make sure it has an appropriate `as` value and it is preloaded intentionally.
20:53:54.755 › The resource https://discordapp.com/assets/cb2006dbced0e246.woff2 was preloaded using link preload but not used within a few seconds from the window's load event. Please make sure it has an appropriate `as` value and it is preloaded intentionally.
20:54:01.533 › The resource https://discordapp.com/assets/189422196a4f8b53.woff2 was preloaded using link preload but not used within a few seconds from the window's load event. Please make sure it has an appropriate `as` value and it is preloaded intentionally.
20:54:01.533 › The resource https://discordapp.com/assets/7a6a566c2e88a35d.woff2 was preloaded using link preload but not used within a few seconds from the window's load event. Please make sure it has an appropriate `as` value and it is preloaded intentionally.
20:54:01.533 › The resource https://discordapp.com/assets/dd24010f3cf7def7.woff2 was preloaded using link preload but not used within a few seconds from the window's load event. Please make sure it has an appropriate `as` value and it is preloaded intentionally.
20:54:01.533 › The resource https://discordapp.com/assets/e52f0cba712e2fb4.woff2 was preloaded using link preload but not used within a few seconds from the window's load event. Please make sure it has an appropriate `as` value and it is preloaded intentionally.
20:54:01.533 › The resource https://discordapp.com/assets/ce3b8055f5114434.woff2 was preloaded using link preload but not used within a few seconds from the window's load event. Please make sure it has an appropriate `as` value and it is preloaded intentionally.
20:54:01.534 › The resource https://discordapp.com/assets/cb2006dbced0e246.woff2 was preloaded using link preload but not used within a few seconds from the window's load event. Please make sure it has an appropriate `as` value and it is preloaded intentionally.
20:54:20.326 › The resource https://discordapp.com/assets/189422196a4f8b53.woff2 was preloaded using link preload but not used within a few seconds from the window's load event. Please make sure it has an appropriate `as` value and it is preloaded intentionally.
20:54:20.326 › The resource https://discordapp.com/assets/7a6a566c2e88a35d.woff2 was preloaded using link preload but not used within a few seconds from the window's load event. Please make sure it has an appropriate `as` value and it is preloaded intentionally.
20:54:20.326 › The resource https://discordapp.com/assets/dd24010f3cf7def7.woff2 was preloaded using link preload but not used within a few seconds from the window's load event. Please make sure it has an appropriate `as` value and it is preloaded intentionally.
20:54:20.327 › The resource https://discordapp.com/assets/e52f0cba712e2fb4.woff2 was preloaded using link preload but not used within a few seconds from the window's load event. Please make sure it has an appropriate `as` value and it is preloaded intentionally.
20:54:20.327 › The resource https://discordapp.com/assets/ce3b8055f5114434.woff2 was preloaded using link preload but not used within a few seconds from the window's load event. Please make sure it has an appropriate `as` value and it is preloaded intentionally.
20:54:20.327 › The resource https://discordapp.com/assets/cb2006dbced0e246.woff2 was preloaded using link preload but not used within a few seconds from the window's load event. Please make sure it has an appropriate `as` value and it is preloaded intentionally.
20:54:36.625 › The resource https://discordapp.com/assets/189422196a4f8b53.woff2 was preloaded using link preload but not used within a few seconds from the window's load event. Please make sure it has an appropriate `as` value and it is preloaded intentionally.
20:54:36.625 › The resource https://discordapp.com/assets/7a6a566c2e88a35d.woff2 was preloaded using link preload but not used within a few seconds from the window's load event. Please make sure it has an appropriate `as` value and it is preloaded intentionally.
20:54:36.625 › The resource https://discordapp.com/assets/dd24010f3cf7def7.woff2 was preloaded using link preload but not used within a few seconds from the window's load event. Please make sure it has an appropriate `as` value and it is preloaded intentionally.
20:54:36.626 › The resource https://discordapp.com/assets/e52f0cba712e2fb4.woff2 was preloaded using link preload but not used within a few seconds from the window's load event. Please make sure it has an appropriate `as` value and it is preloaded intentionally.
20:54:36.626 › The resource https://discordapp.com/assets/ce3b8055f5114434.woff2 was preloaded using link preload but not used within a few seconds from the window's load event. Please make sure it has an appropriate `as` value and it is preloaded intentionally.
20:54:36.626 › The resource https://discordapp.com/assets/cb2006dbced0e246.woff2 was preloaded using link preload but not used within a few seconds from the window's load event. Please make sure it has an appropriate `as` value and it is preloaded intentionally.
20:54:53.112 › The resource https://discordapp.com/assets/189422196a4f8b53.woff2 was preloaded using link preload but not used within a few seconds from the window's load event. Please make sure it has an appropriate `as` value and it is preloaded intentionally.
20:54:53.112 › The resource https://discordapp.com/assets/7a6a566c2e88a35d.woff2 was preloaded using link preload but not used within a few seconds from the window's load event. Please make sure it has an appropriate `as` value and it is preloaded intentionally.
20:54:53.112 › The resource https://discordapp.com/assets/dd24010f3cf7def7.woff2 was preloaded using link preload but not used within a few seconds from the window's load event. Please make sure it has an appropriate `as` value and it is preloaded intentionally.
20:54:53.112 › The resource https://discordapp.com/assets/e52f0cba712e2fb4.woff2 was preloaded using link preload but not used within a few seconds from the window's load event. Please make sure it has an appropriate `as` value and it is preloaded intentionally.
20:54:53.112 › The resource https://discordapp.com/assets/ce3b8055f5114434.woff2 was preloaded using link preload but not used within a few seconds from the window's load event. Please make sure it has an appropriate `as` value and it is preloaded intentionally.
20:54:53.113 › The resource https://discordapp.com/assets/cb2006dbced0e246.woff2 was preloaded using link preload but not used within a few seconds from the window's load event. Please make sure it has an appropriate `as` value and it is preloaded intentionally.
20:54:57.184 › The resource https://discordapp.com/assets/189422196a4f8b53.woff2 was preloaded using link preload but not used within a few seconds from the window's load event. Please make sure it has an appropriate `as` value and it is preloaded intentionally.
20:54:57.185 › The resource https://discordapp.com/assets/7a6a566c2e88a35d.woff2 was preloaded using link preload but not used within a few seconds from the window's load event. Please make sure it has an appropriate `as` value and it is preloaded intentionally.
20:54:57.185 › The resource https://discordapp.com/assets/dd24010f3cf7def7.woff2 was preloaded using link preload but not used within a few seconds from the window's load event. Please make sure it has an appropriate `as` value and it is preloaded intentionally.
20:54:57.185 › The resource https://discordapp.com/assets/e52f0cba712e2fb4.woff2 was preloaded using link preload but not used within a few seconds from the window's load event. Please make sure it has an appropriate `as` value and it is preloaded intentionally.
20:54:57.185 › The resource https://discordapp.com/assets/ce3b8055f5114434.woff2 was preloaded using link preload but not used within a few seconds from the window's load event. Please make sure it has an appropriate `as` value and it is preloaded intentionally.
20:54:57.185 › The resource https://discordapp.com/assets/cb2006dbced0e246.woff2 was preloaded using link preload but not used within a few seconds from the window's load event. Please make sure it has an appropriate `as` value and it is preloaded intentionally.
20:55:10.302 › The resource https://discordapp.com/assets/189422196a4f8b53.woff2 was preloaded using link preload but not used within a few seconds from the window's load event. Please make sure it has an appropriate `as` value and it is preloaded intentionally.
20:55:10.302 › The resource https://discordapp.com/assets/7a6a566c2e88a35d.woff2 was preloaded using link preload but not used within a few seconds from the window's load event. Please make sure it has an appropriate `as` value and it is preloaded intentionally.
20:55:10.302 › The resource https://discordapp.com/assets/dd24010f3cf7def7.woff2 was preloaded using link preload but not used within a few seconds from the window's load event. Please make sure it has an appropriate `as` value and it is preloaded intentionally.
20:55:10.302 › The resource https://discordapp.com/assets/e52f0cba712e2fb4.woff2 was preloaded using link preload but not used within a few seconds from the window's load event. Please make sure it has an appropriate `as` value and it is preloaded intentionally.
20:55:10.302 › The resource https://discordapp.com/assets/ce3b8055f5114434.woff2 was preloaded using link preload but not used within a few seconds from the window's load event. Please make sure it has an appropriate `as` value and it is preloaded intentionally.
20:55:10.303 › The resource https://discordapp.com/assets/cb2006dbced0e246.woff2 was preloaded using link preload but not used within a few seconds from the window's load event. Please make sure it has an appropriate `as` value and it is preloaded intentionally.
20:55:21.561 › [MessageActionCreators] Fetching messages for 1458172875373805590 between undefined and undefined. jump={"jumpType":"ANIMATED"}
20:55:21.653 › [Routing/Utils] transitionTo - Transitioning to /channels/1151869464405606400/1458172875373805590
20:55:21.821 › [MessageActionCreators] Fetched 29 messages for 1458172875373805590 isBefore:false isAfter:false
20:55:21.827 › [ChannelMessages] loadComplete: resetting state for channelId=1458172875373805590, sending.length=0
20:55:28.209 › The resource https://discordapp.com/assets/189422196a4f8b53.woff2 was preloaded using link preload but not used within a few seconds from the window's load event. Please make sure it has an appropriate `as` value and it is preloaded intentionally.
20:55:28.210 › The resource https://discordapp.com/assets/7a6a566c2e88a35d.woff2 was preloaded using link preload but not used within a few seconds from the window's load event. Please make sure it has an appropriate `as` value and it is preloaded intentionally.
20:55:28.210 › The resource https://discordapp.com/assets/dd24010f3cf7def7.woff2 was preloaded using link preload but not used within a few seconds from the window's load event. Please make sure it has an appropriate `as` value and it is preloaded intentionally.
20:55:28.210 › The resource https://discordapp.com/assets/e52f0cba712e2fb4.woff2 was preloaded using link preload but not used within a few seconds from the window's load event. Please make sure it has an appropriate `as` value and it is preloaded intentionally.
20:55:28.210 › The resource https://discordapp.com/assets/ce3b8055f5114434.woff2 was preloaded using link preload but not used within a few seconds from the window's load event. Please make sure it has an appropriate `as` value and it is preloaded intentionally.
20:55:28.210 › The resource https://discordapp.com/assets/cb2006dbced0e246.woff2 was preloaded using link preload but not used within a few seconds from the window's load event. Please make sure it has an appropriate `as` value and it is preloaded intentionally.
20:55:45.322 › The resource https://discordapp.com/assets/189422196a4f8b53.woff2 was preloaded using link preload but not used within a few seconds from the window's load event. Please make sure it has an appropriate `as` value and it is preloaded intentionally.
20:55:45.322 › The resource https://discordapp.com/assets/7a6a566c2e88a35d.woff2 was preloaded using link preload but not used within a few seconds from the window's load event. Please make sure it has an appropriate `as` value and it is preloaded intentionally.
20:55:45.322 › The resource https://discordapp.com/assets/dd24010f3cf7def7.woff2 was preloaded using link preload but not used within a few seconds from the window's load event. Please make sure it has an appropriate `as` value and it is preloaded intentionally.
20:55:45.323 › The resource https://discordapp.com/assets/e52f0cba712e2fb4.woff2 was preloaded using link preload but not used within a few seconds from the window's load event. Please make sure it has an appropriate `as` value and it is preloaded intentionally.
20:55:45.323 › The resource https://discordapp.com/assets/ce3b8055f5114434.woff2 was preloaded using link preload but not used within a few seconds from the window's load event. Please make sure it has an appropriate `as` value and it is preloaded intentionally.
20:55:45.323 › The resource https://discordapp.com/assets/cb2006dbced0e246.woff2 was preloaded using link preload but not used within a few seconds from the window's load event. Please make sure it has an appropriate `as` value and it is preloaded intentionally.
20:55:50.883 › The resource https://discordapp.com/assets/189422196a4f8b53.woff2 was preloaded using link preload but not used within a few seconds from the window's load event. Please make sure it has an appropriate `as` value and it is preloaded intentionally.
20:55:50.883 › The resource https://discordapp.com/assets/7a6a566c2e88a35d.woff2 was preloaded using link preload but not used within a few seconds from the window's load event. Please make sure it has an appropriate `as` value and it is preloaded intentionally.
20:55:50.884 › The resource https://discordapp.com/assets/dd24010f3cf7def7.woff2 was preloaded using link preload but not used within a few seconds from the window's load event. Please make sure it has an appropriate `as` value and it is preloaded intentionally.
20:55:50.884 › The resource https://discordapp.com/assets/e52f0cba712e2fb4.woff2 was preloaded using link preload but not used within a few seconds from the window's load event. Please make sure it has an appropriate `as` value and it is preloaded intentionally.
20:55:50.884 › The resource https://discordapp.com/assets/ce3b8055f5114434.woff2 was preloaded using link preload but not used within a few seconds from the window's load event. Please make sure it has an appropriate `as` value and it is preloaded intentionally.
20:55:50.884 › The resource https://discordapp.com/assets/cb2006dbced0e246.woff2 was preloaded using link preload but not used within a few seconds from the window's load event. Please make sure it has an appropriate `as` value and it is preloaded intentionally.
20:56:02.763 › The resource https://discordapp.com/assets/189422196a4f8b53.woff2 was preloaded using link preload but not used within a few seconds from the window's load event. Please make sure it has an appropriate `as` value and it is preloaded intentionally.
20:56:02.763 › The resource https://discordapp.com/assets/7a6a566c2e88a35d.woff2 was preloaded using link preload but not used within a few seconds from the window's load event. Please make sure it has an appropriate `as` value and it is preloaded intentionally.
20:56:02.764 › The resource https://discordapp.com/assets/dd24010f3cf7def7.woff2 was preloaded using link preload but not used within a few seconds from the window's load event. Please make sure it has an appropriate `as` value and it is preloaded intentionally.
20:56:02.764 › The resource https://discordapp.com/assets/e52f0cba712e2fb4.woff2 was preloaded using link preload but not used within a few seconds from the window's load event. Please make sure it has an appropriate `as` value and it is preloaded intentionally.
20:56:02.764 › The resource https://discordapp.com/assets/ce3b8055f5114434.woff2 was preloaded using link preload but not used within a few seconds from the window's load event. Please make sure it has an appropriate `as` value and it is preloaded intentionally.
20:56:02.764 › The resource https://discordapp.com/assets/cb2006dbced0e246.woff2 was preloaded using link preload but not used within a few seconds from the window's load event. Please make sure it has an appropriate `as` value and it is preloaded intentionally.
